PS C:\Users\amish> cd "C:\Users\amish\OneDrive"
PS C:\Users\amish\OneDrive> mkdir git_challenge


    Directory: C:\Users\amish\OneDrive


Mode                 LastWriteTime         Length Name
----                 -------------         ------ ----
d-----        2023/12/06     19:07                git_challenge


PS C:\Users\amish\OneDrive> cd git_challenge
PS C:\Users\amish\OneDrive\git_challenge> git init
Initialized empty Git repository in C:/Users/amish/OneDrive/git_challenge/.git/
PS C:\Users\amish\OneDrive\git_challenge> git add "C:\Users\amish\OneDrive\git_challenge\hello_world.txt"
PS C:\Users\amish\OneDrive\git_challenge> git commit -m "hello_world.txtを追加"                                 
[main (root-commit) 68ddbec] hello_world.txtを追加
 1 file changed, 1 insertion(+)
 create mode 100644 hello_world.txt
PS C:\Users\amish\OneDrive\git_challenge> git add .
PS C:\Users\amish\OneDrive\git_challenge> git commit -m "日本語訳を追記"       
[main a2e52dd] 日本語訳を追記
 1 file changed, 1 insertion(+)
PS C:\Users\amish\OneDrive\git_challenge> git log --oneline
a2e52dd (HEAD -> main) 日本語訳を追記
68ddbec hello_world.txtを追加
PS C:\Users\amish\OneDrive\git_challenge> 
